stm32f1xx_it.c:98:6:NMI_Handler	0	static
stm32f1xx_it.c:111:6:HardFault_Handler	0	static
stm32f1xx_it.c:126:6:MemManage_Handler	0	static
stm32f1xx_it.c:141:6:BusFault_Handler	0	static
stm32f1xx_it.c:156:6:UsageFault_Handler	0	static
stm32f1xx_it.c:171:6:SVC_Handler	0	static
stm32f1xx_it.c:184:6:DebugMon_Handler	0	static
stm32f1xx_it.c:197:6:PendSV_Handler	0	static
stm32f1xx_it.c:210:6:SysTick_Handler	0	static
stm32f1xx_it.c:299:6:USB_LP_CAN1_RX0_IRQHandler	0	static
stm32f1xx_it.c:285:6:USB_HP_CAN1_TX_IRQHandler	0	static
stm32f1xx_it.c:311:6:debounce	8	static
stm32f1xx_it.c:320:6:SendMediaKeyPressToHost	16	static
stm32f1xx_it.c:231:6:EXTI1_IRQHandler	8	static
stm32f1xx_it.c:249:6:EXTI2_IRQHandler	8	static
stm32f1xx_it.c:267:6:EXTI3_IRQHandler	8	static
