stm32f1xx_it.c:98:6:NMI_Handler	0	static
stm32f1xx_it.c:110:6:HardFault_Handler	0	static
stm32f1xx_it.c:123:6:MemManage_Handler	0	static
stm32f1xx_it.c:136:6:BusFault_Handler	0	static
stm32f1xx_it.c:149:6:UsageFault_Handler	0	static
stm32f1xx_it.c:162:6:SVC_Handler	0	static
stm32f1xx_it.c:174:6:DebugMon_Handler	0	static
stm32f1xx_it.c:186:6:PendSV_Handler	0	static
stm32f1xx_it.c:198:6:SysTick_Handler	0	static
stm32f1xx_it.c:282:6:USB_LP_CAN1_RX0_IRQHandler	0	static
stm32f1xx_it.c:269:6:USB_HP_CAN1_TX_IRQHandler	0	static
stm32f1xx_it.c:293:6:debounce	8	static
stm32f1xx_it.c:302:6:SendMediaKeyPressToHost	16	static
stm32f1xx_it.c:218:6:EXTI1_IRQHandler	8	static
stm32f1xx_it.c:235:6:EXTI2_IRQHandler	8	static
stm32f1xx_it.c:252:6:EXTI3_IRQHandler	8	static
